***** External Functions *****
1    CloseFile                                          isrt.obl(Files.obs)
2    CmdGetHwndDlg                                      isrt.obl(CustomDlg.obs)
3    CommitSharedFiles                                  isrt.obl(Misc.obs)
4    ComponentCompareSizeRequired                       isrt.obl(component.obs)
5    ComponentError                                     isrt.obl(component.obs)
6    ComponentErrorInfo                                 isrt.obl(component.obs)
7    ComponentFilterLanguage                            isrt.obl(component.obs)
8    ComponentFilterOS                                  isrt.obl(component.obs)
9    ComponentGetData                                   isrt.obl(component.obs)
10   ComponentGetTotalCost                              isrt.obl(component.obs)
11   ComponentIsItemSelected                            isrt.obl(component.obs)
12   ComponentListItems                                 isrt.obl(component.obs)
13   ComponentMoveData                                  isrt.obl(component.obs)
14   ComponentReinstall                                 isrt.obl(component.obs)
15   ComponentRemoveAll                                 isrt.obl(component.obs)
16   ComponentSaveTarget                                isrt.obl(component.obs)
17   ComponentSelectItem                                isrt.obl(component.obs)
18   ComponentSetTarget                                 isrt.obl(component.obs)
19   ComponentSetupTypeSet                              isrt.obl(component.obs)
20   ComponentTransferData                              isrt.obl(component.obs)
21   ComponentTreeInit                                  isrt.obl(Dialogs.obs)
22   ComponentViewCreate                                isrt.obl(CmptView.obs)
23   CreateDir                                          isrt.obl(Files.obs)
24   CreateFile                                         isrt.obl(Files.obs)
25   CreateInstallationInfo                             isrt.obl(Registry.obs)
26   CreateRegistrySet                                  isrt.obl(component.obs)
27   CreateShellObjects                                 isrt.obl(component.obs)
28   CtrlGetCurSel                                      isrt.obl(CustomDlg.obs)
29   CtrlGetNotificationCode                            isrt.obl(CustomDlg.obs)
30   CtrlGetState                                       isrt.obl(CustomDlg.obs)
31   CtrlGetText                                        isrt.obl(CustomDlg.obs)
32   CtrlPGroups                                        isrt.obl(CustomDlg.obs)
33   CtrlSelectText                                     isrt.obl(CustomDlg.obs)
34   CtrlSetCurSel                                      isrt.obl(CustomDlg.obs)
35   CtrlSetList                                        isrt.obl(CustomDlg.obs)
36   CtrlSetMLEText                                     isrt.obl(CustomDlg.obs)
37   CtrlSetState                                       isrt.obl(CustomDlg.obs)
38   CtrlSetText                                        isrt.obl(CustomDlg.obs)
39   DefineDialog                                       isrt.obl(CustomDlg.obs)
40   DeinstallStart                                     isrt.obl(Registry.obs)
41   Delay                                              isrt.obl(Misc.obs)
42   DeleteFile                                         isrt.obl(Files.obs)
43   DialogSetDefaultFont                               isrt.obl(Dialogs.obs)
44   DialogSetFont                                      isrt.obl(Dialogs.obs)
45   DialogSetInfo                                      isrt.obl(Dialogs.obs)
46   Disable                                            isrt.obl(Enable.obs)
47   DiskSizeToStr                                      isrt.obl(SDINT.obs)
48   Divide                                             isrt.obl(Misc.obs)
49   DllSizeOf                                          isrt.obl(Str.obs)
50   Do                                                 isrt.obl(Misc.obs)
51   Enable                                             isrt.obl(Enable.obs)
52   EndDialog                                          isrt.obl(CustomDlg.obs)
53   EnterDisk                                          isrt.obl(EnterDisk.obs)
54   ExistsDir                                          isrt.obl(Files.obs)
55   ExistsDisk                                         isrt.obl(Files.obs)
56   EzDefineDialog                                     isrt.obl(CustomDlg.obs)
57   FinalConstruct                                     ifx.obl(Events.obs)
58   FinalRelease                                       ifx.obl(Events.obs)
59   FindFile                                           isrt.obl(Files.obs)
60   FormatMessage                                      isrt.obl(Misc.obs)
61   GDI32.CreateRectRgn                                isrt.obl(AskDestPath.obs)
62   GDI32.GetDeviceCaps                                isrt.obl(AskDestPath.obs)
63   GetBillboard                                       isrt.obl(SysVars.obs)
64   GetDialogTitle                                     isrt.obl(Dialogs.obs)
65   GetDir                                             isrt.obl(Str.obs)
66   GetDisk                                            isrt.obl(Str.obs)
67   GetDiskSpace                                       isrt.obl(GSI.obs)
68   GetDiskSpaceEx                                     isrt.obl(GSI.obs)
69   GetErrorMsg                                        isrt.obl(Dialogs.obs)
70   GetErrorTitle                                      isrt.obl(Dialogs.obs)
71   GetExtents                                         isrt.obl(GSI.obs)
72   GetFolderNameList                                  isrt.obl(Shell.obs)
73   GetFolderPrograms                                  isrt.obl(SysVars.obs)
74   GetISRes                                           isrt.obl(SysVars.obs)
75   GetLog                                             isrt.obl(SysVars.obs)
76   GetMaintenance                                     isrt.obl(SysVars.obs)
77   GetOpenFileMode                                    isrt.obl(Files.obs)
78   GetProductGUID                                     isrt.obl(SysVars.obs)
79   GetProfString                                      isrt.obl(Profile.obs)
80   GetProgramFiles                                    isrt.obl(SysVars.obs)
81   GetSelectedLanguage                                isrt.obl(SysVars.obs)
82   GetSelectedTreeComponent                           isrt.obl(CmptView.obs)
83   GetSupportDir                                      isrt.obl(SysVars.obs)
84   GetSystemInfo                                      isrt.obl(GSI.obs)
85   GetWinDir                                          isrt.obl(SysVars.obs)
86   GetWinSysDir                                       isrt.obl(SysVars.obs)
87   GetWindowHandle                                    isrt.obl(Misc.obs)
88   HIWORD                                             isrt.obl(Misc.obs)
89   HexStrToNum                                        isrt.obl(Str.obs)
90   ISDeterminePlatform                                isrt.obl(OsInfo.obs)
91   ISMIF32.InstallStatusMIF                           isrt.obl(MIF.obs)
92   ISRT.ComponentViewCreateWindow                     isrt.obl(CmptView.obs)
93   ISRT.ComponentViewDestroy                          isrt.obl(CmptView.obs)
94   ISRT.ComponentViewRefresh                          isrt.obl(CmptView.obs)
95   ISRT.ComponentViewSetInfo                          isrt.obl(CmptView.obs)
96   ISRT.ComponentViewSetInfoEx                        isrt.obl(Dialogs.obs)
97   ISRT.EnableHourGlass                               isrt.obl(Enable.obs)
98   ISRT.EnumFoldersItems                              isrt.obl(Shell.obs)
99   ISRT.GetCPUType                                    isrt.obl(GSI.obs)
100  ISRT.GetFontSub                                    isrt.obl(Dialogs.obs)
101  ISRT.GetHandle                                     Setup.Obs
102  ISRT.GetPorts                                      isrt.obl(GSI.obs)
103  ISRT.IsEmpty                                       Setup.Obs
104  ISRT.IsNTAdmin                                     isrt.obl(Is.obs)
105  ISRT.IsObject                                      Setup.Obs
106  ISRT.LangLoadString                                isrt.obl(SDINT.obs)
107  ISRT.MessageBeepP                                  Setup.Obs
108  ISRT.PathCompactPathPixel                          isrt.obl(CustomDlg.obs)
109  ISRT.PathGetDir                                    isrt.obl(Str.obs)
110  ISRT.PathGetDrive                                  isrt.obl(Str.obs)
111  ISRT.PathGetFile                                   isrt.obl(Str.obs)
112  ISRT.PathGetFileExt                                isrt.obl(Str.obs)
113  ISRT.PathGetFileName                               isrt.obl(Str.obs)
114  ISRT.PathGetPath                                   isrt.obl(Str.obs)
115  ISRT.PathGetSpecialFolder                          isrt.obl(SysVars.obs)
116  ISRT.PathIsValidSyntax                             isrt.obl(Is.obs)
117  ISRT._BrowseForFolder                              isrt.obl(SelectDir.obs)
118  ISRT._CleanupInet                                  isrt.obl(MIO.obs)
119  ISRT._CloseFile                                    isrt.obl(Files.obs)
120  ISRT._CmdGetHwndDlg                                isrt.obl(CustomDlg.obs)
121  ISRT._ComponentCompareSizeRequired                 isrt.obl(component.obs)
122  ISRT._ComponentError                               isrt.obl(component.obs)
123  ISRT._ComponentErrorInfo                           isrt.obl(component.obs)
124  ISRT._ComponentFilterLanguage                      isrt.obl(component.obs)
125  ISRT._ComponentFilterOS                            isrt.obl(component.obs)
126  ISRT._ComponentGetData                             isrt.obl(component.obs)
127  ISRT._ComponentGetTotalCost                        isrt.obl(component.obs)
128  ISRT._ComponentIsItemSelected                      isrt.obl(component.obs)
129  ISRT._ComponentListItems                           isrt.obl(component.obs)
130  ISRT._ComponentMoveData                            isrt.obl(component.obs)
131  ISRT._ComponentReinstall                           isrt.obl(component.obs)
132  ISRT._ComponentRemoveAll                           isrt.obl(component.obs)
133  ISRT._ComponentSaveTarget                          isrt.obl(component.obs)
134  ISRT._ComponentSelectItem                          isrt.obl(component.obs)
135  ISRT._ComponentSetupTypeSet                        isrt.obl(component.obs)
136  ISRT._ComponentTransferData                        isrt.obl(component.obs)
137  ISRT._ComponentViewCreate                          isrt.obl(CmptView.obs)
138  ISRT._CreateDir                                    isrt.obl(Files.obs)
139  ISRT._CreateRegistrySet                            isrt.obl(component.obs)
140  ISRT._CreateShellObjects                           isrt.obl(component.obs)
141  ISRT._CtrlGetNotificationCode                      isrt.obl(CustomDlg.obs)
142  ISRT._DefineDialog                                 isrt.obl(CustomDlg.obs)
143  ISRT._DialogSetFont                                isrt.obl(Dialogs.obs)
144  ISRT._DisableStatus                                isrt.obl(Enable.obs)
145  ISRT._Divide                                       isrt.obl(Misc.obs)
146  ISRT._DoSprintf                                    isrt.obl(MsgBox.obs)
147  ISRT._EnableDialogCache                            isrt.obl(Enable.obs)
148  ISRT._EnablePrevDialog                             isrt.obl(AskDestPath.obs)
149  ISRT._EnableStatus                                 isrt.obl(Enable.obs)
150  ISRT._EndDialog                                    isrt.obl(CustomDlg.obs)
151  ISRT._ExistsDir                                    isrt.obl(Files.obs)
152  ISRT._ExistsDisk                                   isrt.obl(Files.obs)
153  ISRT._ExistsFile                                   isrt.obl(Files.obs)
154  ISRT._GetDiskSpaceEx                               isrt.obl(GSI.obs)
155  ISRT._GetSelectedTreeComponent                     isrt.obl(CmptView.obs)
156  ISRT._GetSupportDir                                isrt.obl(SysVars.obs)
157  ISRT._InetEndofTransfer                            isrt.obl(iftw.obs)
158  ISRT._InetGetLastError                             isrt.obl(iftw.obs)
159  ISRT._InetGetNextDisk                              isrt.obl(iftw.obs)
160  ISRT._ListAddItem                                  isrt.obl(scrlist.obs)
161  ISRT._ListAddString                                isrt.obl(scrlist.obs)
162  ISRT._ListCount                                    isrt.obl(scrlist.obs)
163  ISRT._ListCreate                                   isrt.obl(scrlist.obs)
164  ISRT._ListCurrentString                            isrt.obl(scrlist.obs)
165  ISRT._ListDeleteString                             isrt.obl(scrlist.obs)
166  ISRT._ListDestroy                                  isrt.obl(scrlist.obs)
167  ISRT._ListFindString                               isrt.obl(scrlist.obs)
168  ISRT._ListGetFirstItem                             isrt.obl(scrlist.obs)
169  ISRT._ListGetFirstString                           isrt.obl(scrlist.obs)
170  ISRT._ListGetNextItem                              isrt.obl(scrlist.obs)
171  ISRT._ListGetNextString                            isrt.obl(scrlist.obs)
172  ISRT._ListGetType                                  isrt.obl(scrlist.obs)
173  ISRT._ListReadFromFile                             isrt.obl(scrlist.obs)
174  ISRT._ListSetIndex                                 isrt.obl(scrlist.obs)
175  ISRT._OpenFile                                     isrt.obl(Files.obs)
176  ISRT._Rebooted                                     Setup.Obs
177  ISRT._RegCreateKey                                 isrt.obl(Registry.obs)
178  ISRT._RegExistsKey                                 isrt.obl(Registry.obs)
179  ISRT._RegQueryKeyBinaryValue                       isrt.obl(Registry.obs)
180  ISRT._RegQueryKeyValue                             isrt.obl(Registry.obs)
181  ISRT._RegSetKeyBinaryValue                         isrt.obl(Registry.obs)
182  ISRT._RegSetKeyValue                               isrt.obl(Registry.obs)
183  ISRT._ReleaseDialog                                isrt.obl(CustomDlg.obs)
184  ISRT._SetAltMainImage                              isrt.obl(Dialogs.obs)
185  ISRT._SetColor                                     isrt.obl(ui.obs)
186  ISRT._SetDisplayEffect                             isrt.obl(ui.obs)
187  ISRT._SetPaletteFile                               isrt.obl(MIO.obs)
188  ISRT._SetTitle                                     isrt.obl(ui.obs)
189  ISRT._SetupInet                                    isrt.obl(MIO.obs)
190  ISRT._ShowObjWizardPages                           isrt.obl(Objects.obs)
191  ISRT._StatusUpdate                                 isrt.obl(ui.obs)
192  ISRT._TreeViewCreate                               isrt.obl(CmptView.obs)
193  ISRT._WaitOnDialog                                 isrt.obl(CustomDlg.obs)
194  ISRT._WriteLine                                    isrt.obl(Files.obs)
195  ISRT.__CreateObjectContext                         isrt.obl(ISRTInit.obs)
196  ISRT.__GetCmdLineOptions                           isrt.obl(ISRTInit.obs)
197  ISRT.__GetContextGUID                              isrt.obl(ISRTInit.obs)
198  ISRT.__GetFileRegistrar                            isrt.obl(ISRTInit.obs)
199  ISRT.__GetInfo                                     isrt.obl(ISRTInit.obs)
200  ISRT.__GetLog                                      isrt.obl(SysVars.obs)
201  ISRT.__GetLogDB                                    isrt.obl(ISRTInit.obs)
202  ISRT.__GetMainWindow                               Setup.Obs
203  ISRT.__GetMaintenanceMode                          isrt.obl(SysVars.obs)
204  ISRT.__GetProductGuid                              isrt.obl(SysVars.obs)
205  ISRT.__GetProgress                                 Setup.Obs
206  ISRT.__GetReboot                                   isrt.obl(ISRTInit.obs)
207  ISRT.__GetTextSub                                  isrt.obl(ISRTInit.obs)
208  ISRT.__GetUser                                     isrt.obl(MIO.obs)
209  ISRT.__ISRTGetPropertyBag                          ifx.obl(PersistPropertyBag.obs)
210  ISRT.__ISRTReleasePropertyBag                      ifx.obl(PersistPropertyBag.obs)
211  ISRT.__LoadString                                  isrt.obl(LoadStr.obs)
212  ISRT.__ReleaseObjectContext                        isrt.obl(ISRTInit.obs)
213  ISRT.__RestoreMainLog                              isrt.obl(ISRTInit.obs)
214  ISRT.__SetComponentLog                             isrt.obl(ISRTInit.obs)
215  IfxFilterComponents                                ifx.obl(MoveData.obs)
216  IfxFinalConstruct                                  ifx.obl(EventsMIO.obs)
217  IfxFinalRelease                                    ifx.obl(EventsMIO.obs)
218  IfxInitProperties                                  ifx.obl(PersistPropertyBag.obs)
219  IfxMoveFileData                                    ifx.obl(MoveData.obs)
220  IfxOnAbortInstall                                  ifx.obl(Events.obs)
221  IfxOnAppSearch                                     ifx.obl(Events.obs)
222  IfxOnCCPSearch                                     ifx.obl(Events.obs)
223  IfxOnCanceling                                     ifx.obl(Events.obs)
224  IfxOnDisk1Installed                                ifx.obl(EventsMIO.obs)
225  IfxOnDisk1Installing                               ifx.obl(EventsMIO.obs)
226  IfxOnExitInstall                                   ifx.obl(EventsMIO.obs)
227  IfxOnFileError                                     ifx.obl(Exceptions.obs)
228  IfxOnFileLocked                                    ifx.obl(Exceptions.obs)
229  IfxOnFileReadOnly                                  ifx.obl(Exceptions.obs)
230  IfxOnHelp                                          ifx.obl(Events.obs)
231  IfxOnInitInstall                                   ifx.obl(EventsMIO.obs)
232  IfxOnInternetError                                 ifx.obl(Exceptions.obs)
233  IfxOnMD5Error                                      ifx.obl(Exceptions.obs)
234  IfxOnNextDisk                                      ifx.obl(Exceptions.obs)
235  IfxOnRebooted                                      ifx.obl(Events.obs)
236  IfxOnRemovingSharedFile                            ifx.obl(Exceptions.obs)
237  IfxOnShowWizardPages                               ifx.obl(UserInterfaceMIO.obs)
238  IfxOnTransferred                                   ifx.obl(Events.obs)
239  IfxOnTransferring                                  ifx.obl(EventsMIO.obs)
240  IfxOnUnhandledException                            ifx.obl(Events.obs)
241  IfxReadProperties                                  ifx.obl(PersistPropertyBag.obs)
242  IfxRunAfterReboot                                  ifx.obl(Driver.obs)
243  IfxWriteProperties                                 ifx.obl(PersistPropertyBag.obs)
244  InetEndofTransfer                                  isrt.obl(iftw.obs)
245  InetErrorDisplayMode                               isrt.obl(iftw.obs)
246  InetGetLastError                                   isrt.obl(iftw.obs)
247  InetNextDisk                                       isrt.obl(iftw.obs)
248  InitProperties                                     ifx.obl(PersistPropertyBag.obs)
249  InstallationInfo                                   isrt.obl(Registry.obs)
250  Is                                                 isrt.obl(Is.obs)
251  IsInetInstall                                      isrt.obl(iftw.obs)
252  KERNEL.GetModuleHandle                             Setup.Obs
253  KERNEL32.CloseHandle                               isrt.obl(AskDestPath.obs)
254  KERNEL32.CreateFileA                               isrt.obl(AskDestPath.obs)
255  KERNEL32.DeleteFileA                               isrt.obl(AskDestPath.obs)
256  KERNEL32.FileTimeToLocalFileTime                   isrt.obl(AskDestPath.obs)
257  KERNEL32.FileTimeToSystemTime                      isrt.obl(AskDestPath.obs)
258  KERNEL32.FindClose                                 isrt.obl(AskDestPath.obs)
259  KERNEL32.FindFirstFileA                            isrt.obl(AskDestPath.obs)
260  KERNEL32.FindNextFileA                             isrt.obl(AskDestPath.obs)
261  KERNEL32.FormatMessageA                            isrt.obl(AskDestPath.obs)
262  KERNEL32.GetDriveType                              isrt.obl(AskDestPath.obs)
263  KERNEL32.GetFileAttributesA                        isrt.obl(AskDestPath.obs)
264  KERNEL32.GetFileTime                               isrt.obl(AskDestPath.obs)
265  KERNEL32.GetLocalTime                              isrt.obl(AskDestPath.obs)
266  KERNEL32.GetLocaleInfo                             isrt.obl(AskDestPath.obs)
267  KERNEL32.GetPrivateProfileString                   isrt.obl(AskDestPath.obs)
268  KERNEL32.GetPrivateProfileStringA                  isrt.obl(AskDestPath.obs)
269  KERNEL32.GetProfileStringA                         isrt.obl(AskDestPath.obs)
270  KERNEL32.GetSystemDefaultLCID                      isrt.obl(AskDestPath.obs)
271  KERNEL32.GetUserDefaultLangID                      isrt.obl(AskDestPath.obs)
272  KERNEL32.GetVersion                                isrt.obl(AskDestPath.obs)
273  KERNEL32.GetVersionEx                              isrt.obl(AskDestPath.obs)
274  KERNEL32.GetVolumeInformation                      isrt.obl(AskDestPath.obs)
275  KERNEL32.GetWindowsDirectory                       isrt.obl(AskDestPath.obs)
276  KERNEL32.GlobalMemoryStatus                        isrt.obl(AskDestPath.obs)
277  KERNEL32.LocalFileTimeToFileTime                   isrt.obl(AskDestPath.obs)
278  KERNEL32.SetFileAttributesA                        isrt.obl(AskDestPath.obs)
279  KERNEL32.SetFileTime                               isrt.obl(AskDestPath.obs)
280  KERNEL32.Sleep                                     isrt.obl(AskDestPath.obs)
281  KERNEL32.SystemTimeToFileTime                      isrt.obl(AskDestPath.obs)
282  KERNEL32.WritePrivateProfileString                 isrt.obl(AskDestPath.obs)
283  KERNEL32.WritePrivateProfileStringA                isrt.obl(AskDestPath.obs)
284  KERNEL32.WriteProfileStringA                       isrt.obl(AskDestPath.obs)
285  KERNEL32.lstrlen                                   isrt.obl(AskDestPath.obs)
286  LOWORD                                             isrt.obl(Misc.obs)
287  ListAddItem                                        isrt.obl(scrlist.obs)
288  ListAddString                                      isrt.obl(scrlist.obs)
289  ListCount                                          isrt.obl(scrlist.obs)
290  ListCreate                                         isrt.obl(scrlist.obs)
291  ListCurrentString                                  isrt.obl(scrlist.obs)
292  ListDeleteString                                   isrt.obl(scrlist.obs)
293  ListDestroy                                        isrt.obl(scrlist.obs)
294  ListFindString                                     isrt.obl(scrlist.obs)
295  ListGetFirstItem                                   isrt.obl(scrlist.obs)
296  ListGetFirstString                                 isrt.obl(scrlist.obs)
297  ListGetNextItem                                    isrt.obl(scrlist.obs)
298  ListGetNextString                                  isrt.obl(scrlist.obs)
299  ListGetType                                        isrt.obl(scrlist.obs)
300  ListReadFromFile                                   isrt.obl(scrlist.obs)
301  ListSetIndex                                       isrt.obl(scrlist.obs)
302  LongPathToQuote                                    isrt.obl(Str.obs)
303  MAKELONG                                           isrt.obl(Misc.obs)
304  MIFCreateMIFFile                                   isrt.obl(MIF.obs)
305  MIFDeleteMIFFile                                   isrt.obl(MIF.obs)
306  MIFInitialize                                      isrt.obl(MIF.obs)
307  MIFSetInformation                                  isrt.obl(MIF.obs)
308  MIFUnInitialize                                    isrt.obl(MIF.obs)
309  MIFWasSetInformationCalled                         isrt.obl(MIF.obs)
310  MIOShutdown                                        isrt.obl(MIO.obs)
311  MIOStartup                                         isrt.obl(MIO.obs)
312  MaintenanceStart                                   isrt.obl(Registry.obs)
313  MessageBeep                                        isrt.obl(Misc.obs)
314  MessageBox                                         isrt.obl(MsgBox.obs)
315  OnAbort                                            ifx.obl(Events.obs)
316  OnAppSearch                                        ifx.obl(Events.obs)
317  OnBegin                                            ifx.obl(Events.obs)
318  OnCCPSearch                                        ifx.obl(Events.obs)
319  OnCanceling                                        ifx.obl(EventsMIO.obs)
320  OnComponentError                                   ifx.obl(Exceptions.obs)
321  OnEnd                                              ifx.obl(Events.obs)
322  OnFileError                                        ifx.obl(Exceptions.obs)
323  OnFileLocked                                       ifx.obl(Exceptions.obs)
324  OnFileReadOnly                                     ifx.obl(Exceptions.obs)
325  OnFirstUIAfter                                     ifx.obl(UserInterfaceMIO.obs)
326  OnFirstUIBefore                                    ifx.obl(UserInterfaceMIO.obs)
327  OnHelp                                             ifx.obl(Events.obs)
328  OnInternetError                                    ifx.obl(Exceptions.obs)
329  OnMD5Error                                         ifx.obl(Exceptions.obs)
330  OnMaintUIAfter                                     ifx.obl(UserInterfaceMIO.obs)
331  OnMaintUIBefore                                    ifx.obl(UserInterfaceMIO.obs)
332  OnMoved                                            ifx.obl(Events.obs)
333  OnMoving                                           ifx.obl(Events.obs)
334  OnNextDisk                                         ifx.obl(Exceptions.obs)
335  OnRebooted                                         ifx.obl(Events.obs)
336  OnRemovingSharedFile                               ifx.obl(Exceptions.obs)
337  OnSelfRegistrationError                            ifx.obl(Events.obs)
338  OnUnhandledException                               ifx.obl(Events.obs)
339  OpenFileMode                                       isrt.obl(Files.obs)
340  ParsePath                                          isrt.obl(Str.obs)
341  ProgDefGroupType                                   isrt.obl(Shell.obs)
342  ProgGetGroupType                                   isrt.obl(Shell.obs)
343  PthFixPath                                         isrt.obl(Pth.obs)
344  PthIsAbsPath                                       isrt.obl(Pth.obs)
345  ReadProperties                                     ifx.obl(PersistPropertyBag.obs)
346  Rebooted                                           isrt.obl(Driver.obs)
347  RegDBCreateKeyEx                                   isrt.obl(Registry.obs)
348  RegDBGetKeyValueEx                                 isrt.obl(Registry.obs)
349  RegDBInit                                          isrt.obl(Registry.obs)
350  RegDBKeyExist                                      isrt.obl(Registry.obs)
351  RegDBQueryValue                                    isrt.obl(Registry.obs)
352  RegDBSetDefaultRoot                                isrt.obl(Registry.obs)
353  RegDBSetItem                                       isrt.obl(Registry.obs)
354  RegDBSetKeyValueEx                                 isrt.obl(Registry.obs)
355  RegDBSetValue                                      isrt.obl(Registry.obs)
356  ReleaseDialog                                      isrt.obl(CustomDlg.obs)
357  SdAskDestPath                                      isrt.obl(SDADPATH.obs)
358  SdCloseDlg                                         isrt.obl(SDINT.obs)
359  SdComponentDialog2                                 isrt.obl(SDCOMDL2.obs)
360  SdComponentDlgCheckSpace                           isrt.obl(SDINT.obs)
361  SdComponentTree                                    isrt.obl(SDCOMTREE.obs)
362  SdCreateComponentView                              isrt.obl(SDINT.obs)
363  SdDlgToTop                                         isrt.obl(SDINT.obs)
364  SdDoStdButton                                      isrt.obl(SDINT.obs)
365  SdEnablement                                       isrt.obl(SDINT.obs)
366  SdError                                            isrt.obl(SDINT.obs)
367  SdExceptions                                       isrt.obl(SdExceptions.obs)
368  SdFinish                                           isrt.obl(SDFINISH.obs)
369  SdFinishEx                                         isrt.obl(SdFinishEx.obs)
370  SdFinishReboot                                     isrt.obl(SDFINBOT.obs)
371  SdGeneralInit                                      isrt.obl(SDINT.obs)
372  SdInit                                             isrt.obl(SDINT.obs)
373  SdIsShellExplorer                                  isrt.obl(SDINT.obs)
374  SdIsStdButton                                      isrt.obl(SDINT.obs)
375  SdLoadString                                       isrt.obl(SDINT.obs)
376  SdMakeName                                         isrt.obl(SDINT.obs)
377  SdPlugInProductName                                isrt.obl(SDINT.obs)
378  SdProductName                                      isrt.obl(SDPRODCT.obs)
379  SdRemoveEndSpace                                   isrt.obl(SDINT.obs)
380  SdSelectFolder                                     isrt.obl(SDSFDR.obs)
381  SdSetDlgTitle                                      isrt.obl(SDINT.obs)
382  SdSetStatic                                        isrt.obl(SDINT.obs)
383  SdShowInfoList                                     isrt.obl(SDSINFOL.obs)
384  SdStartCopy                                        isrt.obl(SDSCOPY.obs)
385  SdUnInit                                           isrt.obl(SDINT.obs)
386  SdVerifyFolder                                     isrt.obl(SDINT.obs)
387  SdWelcome                                          isrt.obl(SDWEL.obs)
388  SdWelcomeMaint                                     isrt.obl(SdWelcomeMaint.obs)
389  SelectDir                                          isrt.obl(SelectDir.obs)
390  SelectDirNoLog                                     isrt.obl(SelectDir.obs)
391  SendMessage                                        isrt.obl(Misc.obs)
392  SetCmdLine                                         isrt.obl(SysVars.obs)
393  SetColor                                           isrt.obl(ui.obs)
394  SetDialogTitle                                     isrt.obl(Dialogs.obs)
395  SetDisplayEffect                                   isrt.obl(ui.obs)
396  SetFileInfo                                        isrt.obl(Files.obs)
397  SetFolderDesktop                                   isrt.obl(SysVars.obs)
398  SetFolderPrograms                                  isrt.obl(SysVars.obs)
399  SetFolderStartMenu                                 isrt.obl(SysVars.obs)
400  SetFolderStartup                                   isrt.obl(SysVars.obs)
401  SetInstallationInfo                                isrt.obl(Registry.obs)
402  SetStatusWindow                                    isrt.obl(ui.obs)
403  SetTitle                                           isrt.obl(ui.obs)
404  SetupType                                          isrt.obl(SetupType.obs)
405  ShowObjWizardPages                                 isrt.obl(Objects.obs)
406  SilentCreateFile                                   isrt.obl(Silent.obs)
407  SilentDoGeneralInfo                                isrt.obl(Silent.obs)
408  SilentFailed                                       isrt.obl(Silent.obs)
409  SilentFinish                                       isrt.obl(Silent.obs)
410  SilentGetMode                                      isrt.obl(Silent.obs)
411  SilentInit                                         isrt.obl(Silent.obs)
412  SilentLogWriteData                                 isrt.obl(Silent.obs)
413  SilentReadData                                     isrt.obl(Silent.obs)
414  SilentSetInfo                                      isrt.obl(Silent.obs)
415  SilentSetMode                                      isrt.obl(Silent.obs)
416  SilentWriteData                                    isrt.obl(Silent.obs)
417  Sprintf                                            isrt.obl(Str.obs)
418  SprintfBox                                         isrt.obl(MsgBox.obs)
419  StatusUpdate                                       isrt.obl(ui.obs)
420  StrGetTokens                                       isrt.obl(Str.obs)
421  StrLength                                          isrt.obl(Str.obs)
422  StrRemoveLastSlash                                 isrt.obl(Str.obs)
423  StrRemoveSpaces                                    isrt.obl(Str.obs)
424  StrToUpper                                         isrt.obl(Str.obs)
425  SysVarsInit                                        isrt.obl(SysVars.obs)
426  SysVarsUnInit                                      isrt.obl(SysVars.obs)
427  System                                             isrt.obl(Misc.obs)
428  TreeViewCreate                                     isrt.obl(CmptView.obs)
429  USER.EnableWindow                                  Setup.Obs
430  USER.GetClassName                                  Setup.Obs
431  USER.GetClientRect                                 Setup.Obs
432  USER.GetDC                                         Setup.Obs
433  USER.GetDlgItem                                    Setup.Obs
434  USER.GetFocus                                      Setup.Obs
435  USER.GetWindowLong                                 Setup.Obs
436  USER.GetWindowRect                                 Setup.Obs
437  USER.IsIconic                                      Setup.Obs
438  USER.IsWindow                                      Setup.Obs
439  USER.IsWindowVisible                               isrt.obl(AskDestPath.obs)
440  USER.MoveWindow                                    Setup.Obs
441  USER.ReleaseDC                                     Setup.Obs
442  USER.SendMessageA                                  isrt.obl(AskDestPath.obs)
443  USER.SetFocus                                      Setup.Obs
444  USER.SetForegroundWindow                           isrt.obl(AskDestPath.obs)
445  USER.SetWindowPos                                  Setup.Obs
446  USER.SetWindowText                                 Setup.Obs
447  USER.ShowWindow                                    Setup.Obs
448  USER32.CharUpperBuffA                              isrt.obl(AskDestPath.obs)
449  USER32.DrawText                                    isrt.obl(AskDestPath.obs)
450  USER32.GetDesktopWindow                            isrt.obl(AskDestPath.obs)
451  USER32.GetSystemMetrics                            isrt.obl(AskDestPath.obs)
452  USER32.GetWindowText                               isrt.obl(AskDestPath.obs)
453  USER32.GetWindowTextLength                         isrt.obl(AskDestPath.obs)
454  USER32.MessageBoxA                                 isrt.obl(AskDestPath.obs)
455  USER32.ScreenToClient                              isrt.obl(AskDestPath.obs)
456  USER32.SendMessageA                                isrt.obl(AskDestPath.obs)
457  USER32.SetWindowLong                               isrt.obl(AskDestPath.obs)
458  USER32.SetWindowRgn                                isrt.obl(AskDestPath.obs)
459  VarRestore                                         isrt.obl(SysVars.obs)
460  VarSave                                            isrt.obl(SysVars.obs)
461  WaitOnDialog                                       isrt.obl(CustomDlg.obs)
462  WriteLine                                          isrt.obl(Files.obs)
463  WriteProfString                                    isrt.obl(Profile.obs)
464  WriteProperties                                    ifx.obl(PersistPropertyBag.obs)
465  _HandleException                                   isrt.obl(exceptions.obs)
466  _WinSubEnableControl                               isrt.obl(WINSUB.obs)
467  _WinSubEnableWindow                                isrt.obl(WINSUB.obs)
468  _WinSubGetChildWindow                              isrt.obl(WINSUB.obs)
469  _WinSubIsWindow                                    isrt.obl(WINSUB.obs)
470  __DefaultExitHandler                               isrt.obl(handlers.obs)
471  __ISRTDoExit                                       isrt.obl(Misc.obs)
472  __ISRTInit                                         isrt.obl(ISRTInit.obs)
473  __ISRTRestoreMainLog                               isrt.obl(ISRTInit.obs)
474  __ISRTSetComponentLog                              isrt.obl(ISRTInit.obs)
475  __ISRTUnInit                                       isrt.obl(ISRTInit.obs)
476  __LoadIScriptString                                isrt.obl(LoadStr.obs)
477  program                                            Setup.Obs
478  sfc.SRSetRestorePoint                              Setup.Obs


***** External Variables *****
1    BATCH_INSTALL                                      Setup.Obs
2    CMDLINE                                            isrt.obl(DebugSymbols.obs)
3    COMMONFILES                                        isrt.obl(DebugSymbols.obs)
4    DISK1TARGET                                        Setup.Obs
5    ERRORFILENAME                                      Setup.Obs
6    Err                                                Setup.Obs
7    FILETIME                                           isrt.obl(AskDestPath.obs)
8    FIND_DATA                                          isrt.obl(AskDestPath.obs)
9    FOLDER_DESKTOP                                     isrt.obl(DebugSymbols.obs)
10   FOLDER_PROGRAMS                                    isrt.obl(DebugSymbols.obs)
11   FOLDER_STARTMENU                                   isrt.obl(DebugSymbols.obs)
12   FOLDER_STARTUP                                     isrt.obl(DebugSymbols.obs)
13   FileRegistrar                                      Setup.Obs
14   ISRES                                              isrt.obl(DebugSymbols.obs)
15   ISUSER                                             isrt.obl(DebugSymbols.obs)
16   ISVERSION                                          isrt.obl(DebugSymbols.obs)
17   InetSRCDIR                                         Setup.Obs
18   LAST_RESULT                                        Setup.Obs
19   LogDB                                              Setup.Obs
20   MAINTENANCE                                        isrt.obl(DebugSymbols.obs)
21   MEDIA                                              Setup.Obs
22   MEMORYSTATUS                                       isrt.obl(AskDestPath.obs)
23   MODE                                               isrt.obl(DebugSymbols.obs)
24   NOTHING                                            Setup.Obs
25   OSINFO_PLATFORM_INFO                               Setup.Obs
26   OSVERSIONINFO                                      isrt.obl(AskDestPath.obs)
27   PRODUCT_GUID                                       isrt.obl(DebugSymbols.obs)
28   PROGRAMFILES                                       isrt.obl(DebugSymbols.obs)
29   RECT                                               isrt.obl(AskDestPath.obs)
30   Reboot                                             Setup.Obs
31   SELECTED_LANGUAGE                                  isrt.obl(DebugSymbols.obs)
32   SHELL_OBJECT_FOLDER                                Setup.Obs
33   SRCDIR                                             Setup.Obs
34   SRCDISK                                            isrt.obl(DebugSymbols.obs)
35   SUPPORTDIR                                         isrt.obl(DebugSymbols.obs)
36   SYSTEMTIME                                         isrt.obl(AskDestPath.obs)
37   SetupInfo                                          Setup.Obs
38   StatusDlg                                          Setup.Obs
39   TARGETDIR                                          Setup.Obs
40   TARGETDISK                                         isrt.obl(DebugSymbols.obs)
41   TextSub                                            Setup.Obs
42   UNINST                                             Setup.Obs
43   UNINSTALL_STRING                                   Setup.Obs
44   WINDIR                                             isrt.obl(DebugSymbols.obs)
45   WINDISK                                            isrt.obl(DebugSymbols.obs)
46   WINSYSDIR                                          isrt.obl(DebugSymbols.obs)
47   WINSYSDISK                                         isrt.obl(DebugSymbols.obs)
48   _INT64                                             Setup.Obs
49   _RESTOREINFO_                                      Setup.Obs
50   _RESTOREPTINFO                                     Setup.Obs
51   _SMGRSTATUS                                        Setup.Obs
52   _SMGSTATUS_                                        Setup.Obs
53   _WIN9X                                             Setup.Obs
54   _WINNT                                             Setup.Obs
55   __SYSTEMINFORMATION                                Setup.Obs
56   __hContext                                         isrt.obl(AskYesNo.obs)
57   __objGlobalTextSub                                 Setup.Obs
58   __szGUID                                           isrt.obl(ISRTInit.obs)
59   bBackButton                                        Setup.Obs
60   bCancelButton                                      Setup.Obs
61   bEnterDiskBeep                                     isrt.obl(AskDestPath.obs)
62   bFinishButton                                      Setup.Obs
63   bIFXLFNoToAll                                      Setup.Obs
64   bIFXLFOnRebootToAll                                Setup.Obs
65   bIFXLFYesToAll                                     Setup.Obs
66   bIFXMD5IgnoreToAll                                 Setup.Obs
67   bIFXRONoToAll                                      Setup.Obs
68   bIFXROYesToAll                                     Setup.Obs
69   bIFXSFNoToAll                                      Setup.Obs
70   bIFXSFYesToAll                                     Setup.Obs
71   bIfxPCHInitialized                                 Setup.Obs
72   bIfxPCHOn                                          Setup.Obs
73   bInstall16                                         Setup.Obs
74   bNextButton                                        Setup.Obs
75   bSdInit                                            Setup.Obs
76   bViewCmptKunits                                    Setup.Obs
77   bViewCmptUseDecimal                                Setup.Obs
78   g_bSuppressMissingStringWarning                    isrt.obl(Enable.obs)
79   nIFXROKey                                          ifx.obl(EventsMIO.obs)
80   nIFXSFKey                                          ifx.obl(EventsMIO.obs)
81   nIfxPCHType                                        Setup.Obs
82   szAppKey                                           Setup.Obs
83   szInstallDeinstKey                                 Setup.Obs
84   szSdProduct                                        Setup.Obs
85   szSdStr_NotEnoughSpace                             Setup.Obs
